Archive member included to satisfy reference by file (symbol)

c:/program files (x86)/atmel/studio/7.0/toolchain/avr8/avr8-gnu-toolchain/bin/../lib/gcc/avr/5.4.0/avr35\libgcc.a(_exit.o)
                              C:/Program Files (x86)/Atmel/Studio/7.0/Packs/atmel/ATmega_DFP/1.2.132/gcc/dev/atmega16u2/avr35/crtatmega16u2.o (exit)
c:/program files (x86)/atmel/studio/7.0/toolchain/avr8/avr8-gnu-toolchain/bin/../lib/gcc/avr/5.4.0/avr35\libgcc.a(_copy_data.o)
                              Keyboard.o (__do_copy_data)
c:/program files (x86)/atmel/studio/7.0/toolchain/avr8/avr8-gnu-toolchain/bin/../lib/gcc/avr/5.4.0/avr35\libgcc.a(_clear_bss.o)
                              Keyboard.o (__do_clear_bss)
c:/program files (x86)/atmel/studio/7.0/toolchain/avr8/avr8-gnu-toolchain/bin/../lib/gcc/avr/5.4.0/../../../../avr/lib/avr35\libc.a(memcpy_P.o)
                              src/LUFA/LUFA/Drivers/USB/Class/Device/RNDISClassDevice.o (memcpy_P)
c:/program files (x86)/atmel/studio/7.0/toolchain/avr8/avr8-gnu-toolchain/bin/../lib/gcc/avr/5.4.0/../../../../avr/lib/avr35\libc.a(strlen_P.o)
                              src/LUFA/LUFA/Drivers/USB/Class/Device/CDCClassDevice.o (__strlen_P)
c:/program files (x86)/atmel/studio/7.0/toolchain/avr8/avr8-gnu-toolchain/bin/../lib/gcc/avr/5.4.0/../../../../avr/lib/avr35\libc.a(memcmp.o)
                              src/LUFA/LUFA/Drivers/USB/Class/Device/HIDClassDevice.o (memcmp)
c:/program files (x86)/atmel/studio/7.0/toolchain/avr8/avr8-gnu-toolchain/bin/../lib/gcc/avr/5.4.0/../../../../avr/lib/avr35\libc.a(memcpy.o)
                              src/LUFA/LUFA/Drivers/USB/Class/Device/HIDClassDevice.o (memcpy)
c:/program files (x86)/atmel/studio/7.0/toolchain/avr8/avr8-gnu-toolchain/bin/../lib/gcc/avr/5.4.0/../../../../avr/lib/avr35\libc.a(memset.o)
                              src/LUFA/LUFA/Drivers/USB/Class/Device/HIDClassDevice.o (memset)
C:/Program Files (x86)/Atmel/Studio/7.0/Packs/atmel/ATmega_DFP/1.2.132/gcc/dev/atmega16u2/avr35\libatmega16u2.a(eerd_byte.o)
                              src/LUFA/LUFA/Drivers/USB/Core/AVR8/EndpointStream_AVR8.o (eeprom_read_byte)
C:/Program Files (x86)/Atmel/Studio/7.0/Packs/atmel/ATmega_DFP/1.2.132/gcc/dev/atmega16u2/avr35\libatmega16u2.a(eeupd_byte.o)
                              src/LUFA/LUFA/Drivers/USB/Core/AVR8/EndpointStream_AVR8.o (eeprom_update_byte)

Allocating common symbols
Common symbol       size              file

USB_IsInitialized   0x1               src/LUFA/LUFA/Drivers/USB/Core/USBTask.o
USB_DeviceState     0x1               src/LUFA/LUFA/Drivers/USB/Core/USBTask.o
USB_Device_ConfigurationNumber
                    0x1               src/LUFA/LUFA/Drivers/USB/Core/DeviceStandardReq.o
USB_Device_CurrentlySelfPowered
                    0x1               src/LUFA/LUFA/Drivers/USB/Core/DeviceStandardReq.o
USB_ControlRequest  0x8               src/LUFA/LUFA/Drivers/USB/Core/USBTask.o
USB_Device_RemoteWakeupEnabled
                    0x1               src/LUFA/LUFA/Drivers/USB/Core/DeviceStandardReq.o

Discarded input sections

 .data          0x00000000        0x0 C:/Program Files (x86)/Atmel/Studio/7.0/Packs/atmel/ATmega_DFP/1.2.132/gcc/dev/atmega16u2/avr35/crtatmega16u2.o
 .bss           0x00000000        0x0 C:/Program Files (x86)/Atmel/Studio/7.0/Packs/atmel/ATmega_DFP/1.2.132/gcc/dev/atmega16u2/avr35/crtatmega16u2.o
 .group         0x00000000        0x8 Descriptors.o
 .group         0x00000000        0x8 Descriptors.o
 .group         0x00000000        0x8 Descriptors.o
 .group         0x00000000        0x8 Descriptors.o
 .group         0x00000000        0x8 Descriptors.o
 .group         0x00000000        0x8 Descriptors.o
 .group         0x00000000        0x8 Descriptors.o
 .group         0x00000000        0x8 Descriptors.o
 .group         0x00000000        0x8 Descriptors.o
 .group         0x00000000        0x8 Descriptors.o
 .group         0x00000000        0x8 Descriptors.o
 .group         0x00000000        0x8 Descriptors.o
 .group         0x00000000        0x8 Descriptors.o
 .group         0x00000000        0x8 Descriptors.o
 .group         0x00000000        0x8 Descriptors.o
 .group         0x00000000        0x8 Descriptors.o
 .group         0x00000000        0x8 Descriptors.o
 .group         0x00000000        0x8 Descriptors.o
 .group         0x00000000        0x8 Descriptors.o
 .group         0x00000000        0x8 Descriptors.o
 .group         0x00000000        0x8 Descriptors.o
 .group         0x00000000        0x8 Descriptors.o
 .group         0x00000000        0x8 Descriptors.o
 .group         0x00000000        0x8 Descriptors.o
 .group         0x00000000        0x8 Descriptors.o
 .group         0x00000000        0x8 Descriptors.o
 .group         0x00000000        0x8 Descriptors.o
 .group         0x00000000        0x8 Descriptors.o
 .group         0x00000000        0x8 Descriptors.o
 .group         0x00000000        0x8 Descriptors.o
[...]
Memory Configuration

Name             Origin             Length             Attributes
text             0x00000000         0x00010000         xr
data             0x00800060         0x0000ffa0         rw !x
eeprom           0x00810000         0x00010000         rw !x
fuse             0x00820000         0x00000003         rw !x
lock             0x00830000         0x00000400         rw !x
signature        0x00840000         0x00000400         rw !x
user_signatures  0x00850000         0x00000400         rw !x
*default*        0x00000000         0xffffffff

Linker script and memory map

Address of section .data set to 0x800100
LOAD C:/Program Files (x86)/Atmel/Studio/7.0/Packs/atmel/ATmega_DFP/1.2.132/gcc/dev/atmega16u2/avr35/crtatmega16u2.o
LOAD Descriptors.o
LOAD Keyboard.o
LOAD src/LUFA/LUFA/Drivers/USB/Class/Common/HIDParser.o
LOAD src/LUFA/LUFA/Drivers/USB/Class/Device/AudioClassDevice.o
LOAD src/LUFA/LUFA/Drivers/USB/Class/Device/CDCClassDevice.o
LOAD src/LUFA/LUFA/Drivers/USB/Class/Device/HIDClassDevice.o
LOAD src/LUFA/LUFA/Drivers/USB/Class/Device/MassStorageClassDevice.o
LOAD src/LUFA/LUFA/Drivers/USB/Class/Device/MIDIClassDevice.o
LOAD src/LUFA/LUFA/Drivers/USB/Class/Device/PrinterClassDevice.o
LOAD src/LUFA/LUFA/Drivers/USB/Class/Device/RNDISClassDevice.o
LOAD src/LUFA/LUFA/Drivers/USB/Class/Host/AndroidAccessoryClassHost.o
LOAD src/LUFA/LUFA/Drivers/USB/Class/Host/AudioClassHost.o
LOAD src/LUFA/LUFA/Drivers/USB/Class/Host/CDCClassHost.o
LOAD src/LUFA/LUFA/Drivers/USB/Class/Host/HIDClassHost.o
LOAD src/LUFA/LUFA/Drivers/USB/Class/Host/MassStorageClassHost.o
LOAD src/LUFA/LUFA/Drivers/USB/Class/Host/MIDIClassHost.o
LOAD src/LUFA/LUFA/Drivers/USB/Class/Host/PrinterClassHost.o
LOAD src/LUFA/LUFA/Drivers/USB/Class/Host/RNDISClassHost.o
LOAD src/LUFA/LUFA/Drivers/USB/Class/Host/StillImageClassHost.o
LOAD src/LUFA/LUFA/Drivers/USB/Core/AVR8/Device_AVR8.o
LOAD src/LUFA/LUFA/Drivers/USB/Core/AVR8/EndpointStream_AVR8.o
LOAD src/LUFA/LUFA/Drivers/USB/Core/AVR8/Endpoint_AVR8.o
LOAD src/LUFA/LUFA/Drivers/USB/Core/AVR8/Host_AVR8.o
LOAD src/LUFA/LUFA/Drivers/USB/Core/AVR8/PipeStream_AVR8.o
LOAD src/LUFA/LUFA/Drivers/USB/Core/AVR8/Pipe_AVR8.o
LOAD src/LUFA/LUFA/Drivers/USB/Core/AVR8/Template/Template_Endpoint_Control_R.o
LOAD src/LUFA/LUFA/Drivers/USB/Core/AVR8/Template/Template_Endpoint_Control_W.o
LOAD src/LUFA/LUFA/Drivers/USB/Core/AVR8/Template/Template_Endpoint_RW.o
LOAD src/LUFA/LUFA/Drivers/USB/Core/AVR8/Template/Template_Pipe_RW.o
LOAD src/LUFA/LUFA/Drivers/USB/Core/AVR8/USBController_AVR8.o
LOAD src/LUFA/LUFA/Drivers/USB/Core/AVR8/USBInterrupt_AVR8.o
LOAD src/LUFA/LUFA/Drivers/USB/Core/ConfigDescriptors.o
LOAD src/LUFA/LUFA/Drivers/USB/Core/DeviceStandardReq.o
LOAD src/LUFA/LUFA/Drivers/USB/Core/Events.o
LOAD src/LUFA/LUFA/Drivers/USB/Core/HostStandardReq.o
LOAD src/LUFA/LUFA/Drivers/USB/Core/USBTask.o
START GROUP
LOAD c:/program files (x86)/atmel/studio/7.0/toolchain/avr8/avr8-gnu-toolchain/bin/../lib/gcc/avr/5.4.0/../../../../avr/lib/avr35\libm.a
END GROUP
START GROUP
LOAD c:/program files (x86)/atmel/studio/7.0/toolchain/avr8/avr8-gnu-toolchain/bin/../lib/gcc/avr/5.4.0/avr35\libgcc.a
LOAD c:/program files (x86)/atmel/studio/7.0/toolchain/avr8/avr8-gnu-toolchain/bin/../lib/gcc/avr/5.4.0/../../../../avr/lib/avr35\libm.a
LOAD c:/program files (x86)/atmel/studio/7.0/toolchain/avr8/avr8-gnu-toolchain/bin/../lib/gcc/avr/5.4.0/../../../../avr/lib/avr35\libc.a
LOAD C:/Program Files (x86)/Atmel/Studio/7.0/Packs/atmel/ATmega_DFP/1.2.132/gcc/dev/atmega16u2/avr35\libatmega16u2.a
END GROUP
                0x00010000                __TEXT_REGION_LENGTH__ = DEFINED (__TEXT_REGION_LENGTH__)?__TEXT_REGION_LENGTH__:0x10000
                0x0000ffa0                __DATA_REGION_LENGTH__ = DEFINED (__DATA_REGION_LENGTH__)?__DATA_REGION_LENGTH__:0xffa0
                0x00010000                __EEPROM_REGION_LENGTH__ = DEFINED (__EEPROM_REGION_LENGTH__)?__EEPROM_REGION_LENGTH__:0x10000
                [0x00000003]                __FUSE_REGION_LENGTH__ = DEFINED (__FUSE_REGION_LENGTH__)?__FUSE_REGION_LENGTH__:0x400
                0x00000400                __LOCK_REGION_LENGTH__ = DEFINED (__LOCK_REGION_LENGTH__)?__LOCK_REGION_LENGTH__:0x400
                0x00000400                __SIGNATURE_REGION_LENGTH__ = DEFINED (__SIGNATURE_REGION_LENGTH__)?__SIGNATURE_REGION_LENGTH__:0x400
                0x00000400                __USER_SIGNATURE_REGION_LENGTH__ = DEFINED (__USER_SIGNATURE_REGION_LENGTH__)?__USER_SIGNATURE_REGION_LENGTH__:0x400

.hash
 *(.hash)

.dynsym
 *(.dynsym)

.dynstr
 *(.dynstr)

.gnu.version
 *(.gnu.version)

.gnu.version_d
 *(.gnu.version_d)

.gnu.version_r
 *(.gnu.version_r)

.rel.init
 *(.rel.init)

.rela.init
 *(.rela.init)

.rel.text
 *(.rel.text)
 *(.rel.text.*)
 *(.rel.gnu.linkonce.t*)

.rela.text
 *(.rela.text)
 *(.rela.text.*)
 *(.rela.gnu.linkonce.t*)

.rel.fini
 *(.rel.fini)

.rela.fini
 *(.rela.fini)

.rel.rodata
 *(.rel.rodata)
 *(.rel.rodata.*)
 *(.rel.gnu.linkonce.r*)

.rela.rodata
 *(.rela.rodata)
 *(.rela.rodata.*)
 *(.rela.gnu.linkonce.r*)

.rel.data
 *(.rel.data)
 *(.rel.data.*)
 *(.rel.gnu.linkonce.d*)

.rela.data
 *(.rela.data)
 *(.rela.data.*)
 *(.rela.gnu.linkonce.d*)

.rel.ctors
 *(.rel.ctors)

.rela.ctors
 *(.rela.ctors)

.rel.dtors
 *(.rel.dtors)

.rela.dtors
 *(.rela.dtors)

.rel.got
 *(.rel.got)

.rela.got
 *(.rela.got)

.rel.bss
 *(.rel.bss)

.rela.bss
 *(.rela.bss)

.rel.plt
 *(.rel.plt)

.rela.plt
 *(.rela.plt)

.text           0x00000000     0x11f4
 *(.vectors)
 .vectors       0x00000000       0x74 C:/Program Files (x86)/Atmel/Studio/7.0/Packs/atmel/ATmega_DFP/1.2.132/gcc/dev/atmega16u2/avr35/crtatmega16u2.o
                0x00000000                __vector_default
                0x00000000                __vectors
 *(.vectors)
 *(.progmem.gcc*)
                0x00000074                . = ALIGN (0x2)
                0x00000074                __trampolines_start = .
 *(.trampolines)
 .trampolines   0x00000074        0x0 linker stubs
 *(.trampolines*)
                0x00000074                __trampolines_end = .
 *libprintf_flt.a:*(.progmem.data)
 *libc.a:*(.progmem.data)
 *(.progmem*)
 .progmem.data.ProductString
                0x00000074       0x28 Descriptors.o
                0x00000074                ProductString
 .progmem.data.ManufacturerString
                0x0000009c       0x1a Descriptors.o
                0x0000009c                ManufacturerString
 .progmem.data.LanguageString
                0x000000b6        0x4 Descriptors.o
                0x000000b6                LanguageString
 .progmem.data.ConfigurationDescriptor
                0x000000ba       0x22 Descriptors.o
                0x000000ba                ConfigurationDescriptor
 .progmem.data.DeviceDescriptor
                0x000000dc       0x12 Descriptors.o
                0x000000dc                DeviceDescriptor
 .progmem.data.KeyboardReport
                0x000000ee       0x40 Descriptors.o
                0x000000ee                KeyboardReport
                0x0000012e                . = ALIGN (0x2)
 *(.jumptables)
 *(.jumptables*)
 *(.lowtext)
 *(.lowtext*)
                0x0000012e                __ctors_start = .
 *(.ctors)
                0x0000012e                __ctors_end = .
                0x0000012e                __dtors_start = .
 *(.dtors)
                0x0000012e                __dtors_end = .
 SORT(*)(.ctors)
 SORT(*)(.dtors)
 *(.init0)
 .init0         0x0000012e        0x0 C:/Program Files (x86)/Atmel/Studio/7.0/Packs/atmel/ATmega_DFP/1.2.132/gcc/dev/atmega16u2/avr35/crtatmega16u2.o
                0x0000012e                __init
 *(.init0)
 *(.init1)
 *(.init1)
 *(.init2)
 .init2         0x0000012e        0xc C:/Program Files (x86)/Atmel/Studio/7.0/Packs/atmel/ATmega_DFP/1.2.132/gcc/dev/atmega16u2/avr35/crtatmega16u2.o
 *(.init2)
 *(.init3)
 *(.init3)
 *(.init4)
 .init4         0x0000013a       0x16 c:/program files (x86)/atmel/studio/7.0/toolchain/avr8/avr8-gnu-toolchain/bin/../lib/gcc/avr/5.4.0/avr35\libgcc.a(_copy_data.o)
                0x0000013a                __do_copy_data
 .init4         0x00000150       0x10 c:/program files (x86)/atmel/studio/7.0/toolchain/avr8/avr8-gnu-toolchain/bin/../lib/gcc/avr/5.4.0/avr35\libgcc.a(_clear_bss.o)
                0x00000150                __do_clear_bss
 *(.init4)
 *(.init5)
 *(.init5)
 *(.init6)
 *(.init6)
 *(.init7)
 *(.init7)
 *(.init8)
 *(.init8)
 *(.init9)
 .init9         0x00000160        0x6 C:/Program Files (x86)/Atmel/Studio/7.0/Packs/atmel/ATmega_DFP/1.2.132/gcc/dev/atmega16u2/avr35/crtatmega16u2.o
 *(.init9)
 *(.text)
 .text          0x00000166        0x2 C:/Program Files (x86)/Atmel/Studio/7.0/Packs/atmel/ATmega_DFP/1.2.132/gcc/dev/atmega16u2/avr35/crtatmega16u2.o
                0x00000166                __vector_22
                0x00000166                __vector_28
                0x00000166                __vector_1
                0x00000166                __vector_24
                0x00000166                __vector_12
                0x00000166                __bad_interrupt
                0x00000166                __vector_6
                0x00000166                __vector_3
                0x00000166                __vector_23
                0x00000166                __vector_25
                0x00000166                __vector_13
                0x00000166                __vector_17
                0x00000166                __vector_19
                0x00000166                __vector_7
                0x00000166                __vector_27
                0x00000166                __vector_5
                0x00000166                __vector_4
                0x00000166                __vector_9
                0x00000166                __vector_2
                0x00000166                __vector_21
                0x00000166                __vector_15
                0x00000166                __vector_8
                0x00000166                __vector_26
                0x00000166                __vector_14
                0x00000166                __vector_10
                0x00000166                __vector_16
                0x00000166                __vector_18
                0x00000166                __vector_20
                0x00000168                . = ALIGN (0x2)
 *(.text.*)
 .text.CALLBACK_USB_GetDescriptor
                0x00000168       0x9e Descriptors.o
                0x00000168                CALLBACK_USB_GetDescriptor
 .text.SetupHardware
                0x00000206       0x42 Keyboard.o
                0x00000206                SetupHardware
 .text.main     0x00000248       0x14 Keyboard.o
                0x00000248                main
 .text.EVENT_USB_Device_Connect
                0x0000025c        0xa Keyboard.o
                0x0000025c                EVENT_USB_Device_Connect
 .text.EVENT_USB_Device_Disconnect
                0x00000266        0x8 Keyboard.o
                0x00000266                EVENT_USB_Device_Disconnect
 .text.EVENT_USB_Device_ConfigurationChanged
                0x0000026e       0x26 Keyboard.o
                0x0000026e                EVENT_USB_Device_ConfigurationChanged
 .text.EVENT_USB_Device_ControlRequest
                0x00000294        0x8 Keyboard.o
                0x00000294                EVENT_USB_Device_ControlRequest
 .text.EVENT_USB_Device_StartOfFrame
                0x0000029c       0x18 Keyboard.o
                0x0000029c                EVENT_USB_Device_StartOfFrame
 .text.CALLBACK_HID_Device_CreateHIDReport
                0x000002b4       0x24 Keyboard.o
                0x000002b4                CALLBACK_HID_Device_CreateHIDReport
 .text.CALLBACK_HID_Device_ProcessHIDReport
                0x000002d8       0x1e Keyboard.o
                0x000002d8                CALLBACK_HID_Device_ProcessHIDReport
 .text.HID_Device_ProcessControlRequest
                0x000002f6      0x292 src/LUFA/LUFA/Drivers/USB/Class/Device/HIDClassDevice.o
                0x000002f6                HID_Device_ProcessControlRequest
 .text.HID_Device_ConfigureEndpoints
                0x00000588       0x28 src/LUFA/LUFA/Drivers/USB/Class/Device/HIDClassDevice.o
                0x00000588                HID_Device_ConfigureEndpoints
 .text.HID_Device_USBTask
                0x000005b0      0x17a src/LUFA/LUFA/Drivers/USB/Class/Device/HIDClassDevice.o
                0x000005b0                HID_Device_USBTask
 .text.Endpoint_Write_Stream_LE
                0x0000072a       0xba src/LUFA/LUFA/Drivers/USB/Core/AVR8/EndpointStream_AVR8.o
                0x0000072a                Endpoint_Write_Stream_LE
 .text.Endpoint_Write_Control_Stream_LE
                0x000007e4       0xf2 src/LUFA/LUFA/Drivers/USB/Core/AVR8/EndpointStream_AVR8.o
                0x000007e4                Endpoint_Write_Control_Stream_LE
 .text.Endpoint_Read_Control_Stream_LE
                0x000008d6       0xcc src/LUFA/LUFA/Drivers/USB/Core/AVR8/EndpointStream_AVR8.o
                0x000008d6                Endpoint_Read_Control_Stream_LE
 .text.Endpoint_Write_Control_PStream_LE
                0x000009a2       0xf8 src/LUFA/LUFA/Drivers/USB/Core/AVR8/EndpointStream_AVR8.o
                0x000009a2                Endpoint_Write_Control_PStream_LE
 .text.Endpoint_ConfigureEndpoint_Prv
                0x00000a9a       0xcc src/LUFA/LUFA/Drivers/USB/Core/AVR8/Endpoint_AVR8.o
                0x00000a9a                Endpoint_ConfigureEndpoint_Prv
 .text.Endpoint_ConfigureEndpointTable
                0x00000b66       0x9e src/LUFA/LUFA/Drivers/USB/Core/AVR8/Endpoint_AVR8.o
                0x00000b66                Endpoint_ConfigureEndpointTable
 .text.Endpoint_ClearStatusStage
                0x00000c04       0x48 src/LUFA/LUFA/Drivers/USB/Core/AVR8/Endpoint_AVR8.o
                0x00000c04                Endpoint_ClearStatusStage
 .text.Endpoint_WaitUntilReady
                0x00000c4c       0x82 src/LUFA/LUFA/Drivers/USB/Core/AVR8/Endpoint_AVR8.o
                0x00000c4c                Endpoint_WaitUntilReady
 .text.USB_ResetInterface
                0x00000cce       0x66 src/LUFA/LUFA/Drivers/USB/Core/AVR8/USBController_AVR8.o
                0x00000cce                USB_ResetInterface
 .text.USB_Init
                0x00000d34       0x14 src/LUFA/LUFA/Drivers/USB/Core/AVR8/USBController_AVR8.o
                0x00000d34                USB_Init
 .text.USB_INT_DisableAllInterrupts
                0x00000d48        0x6 src/LUFA/LUFA/Drivers/USB/Core/AVR8/USBInterrupt_AVR8.o
                0x00000d48                USB_INT_DisableAllInterrupts
 .text.USB_INT_ClearAllInterrupts
                0x00000d4e        0x6 src/LUFA/LUFA/Drivers/USB/Core/AVR8/USBInterrupt_AVR8.o
                0x00000d4e                USB_INT_ClearAllInterrupts
 .text.__vector_11
                0x00000d54      0x13c src/LUFA/LUFA/Drivers/USB/Core/AVR8/USBInterrupt_AVR8.o
                0x00000d54                __vector_11
 .text.USB_Device_ProcessControlRequest
                0x00000e90      0x2f0 src/LUFA/LUFA/Drivers/USB/Core/DeviceStandardReq.o
                0x00000e90                USB_Device_ProcessControlRequest
 .text.USB_Event_Stub
                0x00001180        0x2 src/LUFA/LUFA/Drivers/USB/Core/Events.o
                0x00001180                USB_Event_Stub
                0x00001180                EVENT_USB_Device_Suspend
                0x00001180                EVENT_USB_Device_Reset
                0x00001180                EVENT_USB_Device_WakeUp
 .text.USB_USBTask
                0x00001182       0x34 src/LUFA/LUFA/Drivers/USB/Core/USBTask.o
                0x00001182                USB_USBTask
 .text.avr-libc
                0x000011b6       0x1a c:/program files (x86)/atmel/studio/7.0/toolchain/avr8/avr8-gnu-toolchain/bin/../lib/gcc/avr/5.4.0/../../../../avr/lib/avr35\libc.a(memcmp.o)
                0x000011b6                memcmp
 .text.avr-libc
                0x000011d0       0x12 c:/program files (x86)/atmel/studio/7.0/toolchain/avr8/avr8-gnu-toolchain/bin/../lib/gcc/avr/5.4.0/../../../../avr/lib/avr35\libc.a(memcpy.o)
                0x000011d0                memcpy
 .text.avr-libc
                0x000011e2        0xe c:/program files (x86)/atmel/studio/7.0/toolchain/avr8/avr8-gnu-toolchain/bin/../lib/gcc/avr/5.4.0/../../../../avr/lib/avr35\libc.a(memset.o)
                0x000011e2                memset
                0x000011f0                . = ALIGN (0x2)
 *(.fini9)
 .fini9         0x000011f0        0x0 c:/program files (x86)/atmel/studio/7.0/toolchain/avr8/avr8-gnu-toolchain/bin/../lib/gcc/avr/5.4.0/avr35\libgcc.a(_exit.o)
                0x000011f0                _exit
                0x000011f0                exit
 *(.fini9)
 *(.fini8)
 *(.fini8)
 *(.fini7)
 *(.fini7)
 *(.fini6)
 *(.fini6)
 *(.fini5)
 *(.fini5)
 *(.fini4)
 *(.fini4)
 *(.fini3)
 *(.fini3)
 *(.fini2)
 *(.fini2)
 *(.fini1)
 *(.fini1)
 *(.fini0)
 .fini0         0x000011f0        0x4 c:/program files (x86)/atmel/studio/7.0/toolchain/avr8/avr8-gnu-toolchain/bin/../lib/gcc/avr/5.4.0/avr35\libgcc.a(_exit.o)
 *(.fini0)
                0x000011f4                _etext = .

.data           0x00800100       0x10 load address 0x000011f4
                0x00800100                PROVIDE (__data_start, .)
 *(.data)
 *(.data*)
 .data.Keyboard_HID_Interface
                0x00800100       0x10 Keyboard.o
                0x00800100                Keyboard_HID_Interface
 *(.rodata)
 *(.rodata*)
 *(.gnu.linkonce.d*)
                0x00800110                . = ALIGN (0x2)
                0x00800110                _edata = .
                0x00800110                PROVIDE (__data_end, .)

.bss            0x00800110       0x15
                0x00800110                PROVIDE (__bss_start, .)
 *(.bss)
 *(.bss*)
 .bss.PrevKeyboardHIDReportBuffer
                0x00800110        0x8 Keyboard.o
 *(COMMON)
 COMMON         0x00800118        0x3 src/LUFA/LUFA/Drivers/USB/Core/DeviceStandardReq.o
                0x00800118                USB_Device_ConfigurationNumber
                0x00800119                USB_Device_CurrentlySelfPowered
                0x0080011a                USB_Device_RemoteWakeupEnabled
 COMMON         0x0080011b        0xa src/LUFA/LUFA/Drivers/USB/Core/USBTask.o
                0x0080011b                USB_IsInitialized
                0x0080011c                USB_DeviceState
                0x0080011d                USB_ControlRequest
                0x00800125                PROVIDE (__bss_end, .)
                0x000011f4                __data_load_start = LOADADDR (.data)
                0x00001204                __data_load_end = (__data_load_start + SIZEOF (.data))

.noinit         0x00800125        0x0
                [!provide]                PROVIDE (__noinit_start, .)
 *(.noinit*)
                [!provide]                PROVIDE (__noinit_end, .)
                0x00800125                _end = .
                [!provide]                PROVIDE (__heap_start, .)

.eeprom         0x00810000        0x0
 *(.eeprom*)
                0x00810000                __eeprom_end = .

.fuse
 *(.fuse)
 *(.lfuse)
 *(.hfuse)
 *(.efuse)

.lock
 *(.lock*)

.signature
 *(.signature*)

.user_signatures
 *(.user_signatures*)

.stab
 *(.stab)

.stabstr
 *(.stabstr)

.stab.excl
 *(.stab.excl)

.stab.exclstr
 *(.stab.exclstr)

.stab.index
 *(.stab.index)

.stab.indexstr
 *(.stab.indexstr)

.comment        0x00000000       0x30
 *(.comment)
 .comment       0x00000000       0x30 Descriptors.o
                                 0x31 (size before relaxing)
 .comment       0x00000030       0x31 Keyboard.o
 .comment       0x00000030       0x31 src/LUFA/LUFA/Drivers/USB/Class/Device/HIDClassDevice.o
 .comment       0x00000030       0x31 src/LUFA/LUFA/Drivers/USB/Core/AVR8/EndpointStream_AVR8.o
 .comment       0x00000030       0x31 src/LUFA/LUFA/Drivers/USB/Core/AVR8/Endpoint_AVR8.o
 .comment       0x00000030       0x31 src/LUFA/LUFA/Drivers/USB/Core/AVR8/USBController_AVR8.o
 .comment       0x00000030       0x31 src/LUFA/LUFA/Drivers/USB/Core/AVR8/USBInterrupt_AVR8.o
 .comment       0x00000030       0x31 src/LUFA/LUFA/Drivers/USB/Core/DeviceStandardReq.o
 .comment       0x00000030       0x31 src/LUFA/LUFA/Drivers/USB/Core/Events.o
 .comment       0x00000030       0x31 src/LUFA/LUFA/Drivers/USB/Core/USBTask.o

.note.gnu.avr.deviceinfo
                0x00000000       0x40
 .note.gnu.avr.deviceinfo
                0x00000000       0x40 C:/Program Files (x86)/Atmel/Studio/7.0/Packs/atmel/ATmega_DFP/1.2.132/gcc/dev/atmega16u2/avr35/crtatmega16u2.o

.note.gnu.build-id
 *(.note.gnu.build-id)

.debug
 *(.debug)

.line
 *(.line)

.debug_srcinfo
 *(.debug_srcinfo)

.debug_sfnames
 *(.debug_sfnames)

.debug_aranges  0x00000000      0x278
 *(.debug_aranges)
 .debug_aranges
                0x00000000       0x20 Descriptors.o
 .debug_aranges
                0x00000020       0x60 Keyboard.o
 .debug_aranges
                0x00000080       0x30 src/LUFA/LUFA/Drivers/USB/Class/Device/HIDClassDevice.o
 .debug_aranges
                0x000000b0       0xc8 src/LUFA/LUFA/Drivers/USB/Core/AVR8/EndpointStream_AVR8.o
 .debug_aranges
                0x00000178       0x40 src/LUFA/LUFA/Drivers/USB/Core/AVR8/Endpoint_AVR8.o
 .debug_aranges
                0x000001b8       0x30 src/LUFA/LUFA/Drivers/USB/Core/AVR8/USBController_AVR8.o
 .debug_aranges
                0x000001e8       0x30 src/LUFA/LUFA/Drivers/USB/Core/AVR8/USBInterrupt_AVR8.o
 .debug_aranges
                0x00000218       0x20 src/LUFA/LUFA/Drivers/USB/Core/DeviceStandardReq.o
 .debug_aranges
                0x00000238       0x20 src/LUFA/LUFA/Drivers/USB/Core/Events.o
 .debug_aranges
                0x00000258       0x20 src/LUFA/LUFA/Drivers/USB/Core/USBTask.o

.debug_pubnames
 *(.debug_pubnames)

.debug_info     0x00000000     0x54a5
 *(.debug_info .gnu.linkonce.wi.*)
 .debug_info    0x00000000      0x6ba C:/Program Files (x86)/Atmel/Studio/7.0/Packs/atmel/ATmega_DFP/1.2.132/gcc/dev/atmega16u2/avr35/crtatmega16u2.o
 .debug_info    0x000006ba      0x710 Descriptors.o
 .debug_info    0x00000dca      0x799 Keyboard.o
 .debug_info    0x00001563      0x94b src/LUFA/LUFA/Drivers/USB/Class/Device/HIDClassDevice.o
 .debug_info    0x00001eae     0x181c src/LUFA/LUFA/Drivers/USB/Core/AVR8/EndpointStream_AVR8.o
 .debug_info    0x000036ca      0x61c src/LUFA/LUFA/Drivers/USB/Core/AVR8/Endpoint_AVR8.o
 .debug_info    0x00003ce6      0x486 src/LUFA/LUFA/Drivers/USB/Core/AVR8/USBController_AVR8.o
 .debug_info    0x0000416c      0x5c6 src/LUFA/LUFA/Drivers/USB/Core/AVR8/USBInterrupt_AVR8.o
 .debug_info    0x00004732      0xa81 src/LUFA/LUFA/Drivers/USB/Core/DeviceStandardReq.o
 .debug_info    0x000051b3       0x7c src/LUFA/LUFA/Drivers/USB/Core/Events.o
 .debug_info    0x0000522f      0x276 src/LUFA/LUFA/Drivers/USB/Core/USBTask.o

.debug_abbrev   0x00000000     0x1851
 *(.debug_abbrev)
 .debug_abbrev  0x00000000      0x65d C:/Program Files (x86)/Atmel/Studio/7.0/Packs/atmel/ATmega_DFP/1.2.132/gcc/dev/atmega16u2/avr35/crtatmega16u2.o
 .debug_abbrev  0x0000065d      0x16d Descriptors.o
 .debug_abbrev  0x000007ca      0x2b5 Keyboard.o
 .debug_abbrev  0x00000a7f      0x216 src/LUFA/LUFA/Drivers/USB/Class/Device/HIDClassDevice.o
 .debug_abbrev  0x00000c95      0x1ed src/LUFA/LUFA/Drivers/USB/Core/AVR8/EndpointStream_AVR8.o
 .debug_abbrev  0x00000e82      0x236 src/LUFA/LUFA/Drivers/USB/Core/AVR8/Endpoint_AVR8.o
 .debug_abbrev  0x000010b8      0x17d src/LUFA/LUFA/Drivers/USB/Core/AVR8/USBController_AVR8.o
 .debug_abbrev  0x00001235      0x1b7 src/LUFA/LUFA/Drivers/USB/Core/AVR8/USBInterrupt_AVR8.o
 .debug_abbrev  0x000013ec      0x2b0 src/LUFA/LUFA/Drivers/USB/Core/DeviceStandardReq.o
 .debug_abbrev  0x0000169c       0x47 src/LUFA/LUFA/Drivers/USB/Core/Events.o
 .debug_abbrev  0x000016e3      0x16e src/LUFA/LUFA/Drivers/USB/Core/USBTask.o

.debug_line     0x00000000     0x837b
 *(.debug_line .debug_line.* .debug_line_end)
 .debug_line    0x00000000      0x145 C:/Program Files (x86)/Atmel/Studio/7.0/Packs/atmel/ATmega_DFP/1.2.132/gcc/dev/atmega16u2/avr35/crtatmega16u2.o
 .debug_line    0x00000145      0xcea Descriptors.o
 .debug_line    0x00000e2f      0xefb Keyboard.o
 .debug_line    0x00001d2a     0x111a src/LUFA/LUFA/Drivers/USB/Class/Device/HIDClassDevice.o
 .debug_line    0x00002e44     0x1ea4 src/LUFA/LUFA/Drivers/USB/Core/AVR8/EndpointStream_AVR8.o
 .debug_line    0x00004ce8      0xc5e src/LUFA/LUFA/Drivers/USB/Core/AVR8/Endpoint_AVR8.o
 .debug_line    0x00005946      0x8ae src/LUFA/LUFA/Drivers/USB/Core/AVR8/USBController_AVR8.o
 .debug_line    0x000061f4      0xa72 src/LUFA/LUFA/Drivers/USB/Core/AVR8/USBInterrupt_AVR8.o
 .debug_line    0x00006c66      0xaa1 src/LUFA/LUFA/Drivers/USB/Core/DeviceStandardReq.o
 .debug_line    0x00007707      0x47a src/LUFA/LUFA/Drivers/USB/Core/Events.o
 .debug_line    0x00007b81      0x7fa src/LUFA/LUFA/Drivers/USB/Core/USBTask.o

.debug_frame    0x00000000      0x9b8
 *(.debug_frame)
 .debug_frame   0x00000000       0x24 Descriptors.o
 .debug_frame   0x00000024       0xb0 Keyboard.o
 .debug_frame   0x000000d4       0xf4 src/LUFA/LUFA/Drivers/USB/Class/Device/HIDClassDevice.o
 .debug_frame   0x000001c8      0x5b4 src/LUFA/LUFA/Drivers/USB/Core/AVR8/EndpointStream_AVR8.o
 .debug_frame   0x0000077c       0xdc src/LUFA/LUFA/Drivers/USB/Core/AVR8/Endpoint_AVR8.o
 .debug_frame   0x00000858       0x44 src/LUFA/LUFA/Drivers/USB/Core/AVR8/USBController_AVR8.o
 .debug_frame   0x0000089c       0x8c src/LUFA/LUFA/Drivers/USB/Core/AVR8/USBInterrupt_AVR8.o
 .debug_frame   0x00000928       0x40 src/LUFA/LUFA/Drivers/USB/Core/DeviceStandardReq.o
 .debug_frame   0x00000968       0x24 src/LUFA/LUFA/Drivers/USB/Core/Events.o
 .debug_frame   0x0000098c       0x2c src/LUFA/LUFA/Drivers/USB/Core/USBTask.o

.debug_str      0x00000000    0x14c45
 *(.debug_str)
 .debug_str     0x00000000      0x262 C:/Program Files (x86)/Atmel/Studio/7.0/Packs/atmel/ATmega_DFP/1.2.132/gcc/dev/atmega16u2/avr35/crtatmega16u2.o
 .debug_str     0x00000262    0x1277c Descriptors.o
                              0x12a48 (size before relaxing)
 .debug_str     0x000129de      0xa8d Keyboard.o
                              0x12dca (size before relaxing)
 .debug_str     0x0001346b      0x399 src/LUFA/LUFA/Drivers/USB/Class/Device/HIDClassDevice.o
                              0x12824 (size before relaxing)
 .debug_str     0x00013804      0x9ed src/LUFA/LUFA/Drivers/USB/Core/AVR8/EndpointStream_AVR8.o
                               0xceea (size before relaxing)
 .debug_str     0x000141f1      0x270 src/LUFA/LUFA/Drivers/USB/Core/AVR8/Endpoint_AVR8.o
                               0xc58d (size before relaxing)
 .debug_str     0x00014461      0x208 src/LUFA/LUFA/Drivers/USB/Core/AVR8/USBController_AVR8.o
                               0xc4c4 (size before relaxing)
 .debug_str     0x00014669       0xbb src/LUFA/LUFA/Drivers/USB/Core/AVR8/USBInterrupt_AVR8.o
                               0xc44e (size before relaxing)
 .debug_str     0x00014724      0x450 src/LUFA/LUFA/Drivers/USB/Core/DeviceStandardReq.o
                               0xc95e (size before relaxing)
 .debug_str     0x00014b74       0x53 src/LUFA/LUFA/Drivers/USB/Core/Events.o
                               0xb751 (size before relaxing)
 .debug_str     0x00014bc7       0x7e src/LUFA/LUFA/Drivers/USB/Core/USBTask.o
                               0xc30c (size before relaxing)

.debug_loc      0x00000000     0x3d8f
 *(.debug_loc)
 .debug_loc     0x00000000      0x2d3 Descriptors.o
 .debug_loc     0x000002d3      0x1e0 Keyboard.o
 .debug_loc     0x000004b3      0x478 src/LUFA/LUFA/Drivers/USB/Class/Device/HIDClassDevice.o
 .debug_loc     0x0000092b     0x284b src/LUFA/LUFA/Drivers/USB/Core/AVR8/EndpointStream_AVR8.o
 .debug_loc     0x00003176      0x593 src/LUFA/LUFA/Drivers/USB/Core/AVR8/Endpoint_AVR8.o
 .debug_loc     0x00003709       0x78 src/LUFA/LUFA/Drivers/USB/Core/AVR8/USBController_AVR8.o
 .debug_loc     0x00003781      0x26f src/LUFA/LUFA/Drivers/USB/Core/AVR8/USBInterrupt_AVR8.o
 .debug_loc     0x000039f0      0x356 src/LUFA/LUFA/Drivers/USB/Core/DeviceStandardReq.o
 .debug_loc     0x00003d46       0x49 src/LUFA/LUFA/Drivers/USB/Core/USBTask.o

.debug_macinfo
 *(.debug_macinfo)

.debug_weaknames
 *(.debug_weaknames)

.debug_funcnames
 *(.debug_funcnames)

.debug_typenames
 *(.debug_typenames)

.debug_varnames
 *(.debug_varnames)

.debug_pubtypes
 *(.debug_pubtypes)

.debug_ranges   0x00000000      0xbf0
 *(.debug_ranges)
 .debug_ranges  0x00000000       0x10 Descriptors.o
 .debug_ranges  0x00000010       0x50 Keyboard.o
 .debug_ranges  0x00000060       0x20 src/LUFA/LUFA/Drivers/USB/Class/Device/HIDClassDevice.o
 .debug_ranges  0x00000080      0x928 src/LUFA/LUFA/Drivers/USB/Core/AVR8/EndpointStream_AVR8.o
 .debug_ranges  0x000009a8      0x190 src/LUFA/LUFA/Drivers/USB/Core/AVR8/Endpoint_AVR8.o
 .debug_ranges  0x00000b38       0x20 src/LUFA/LUFA/Drivers/USB/Core/AVR8/USBController_AVR8.o
 .debug_ranges  0x00000b58       0x20 src/LUFA/LUFA/Drivers/USB/Core/AVR8/USBInterrupt_AVR8.o
 .debug_ranges  0x00000b78       0x58 src/LUFA/LUFA/Drivers/USB/Core/DeviceStandardReq.o
 .debug_ranges  0x00000bd0       0x10 src/LUFA/LUFA/Drivers/USB/Core/Events.o
 .debug_ranges  0x00000be0       0x10 src/LUFA/LUFA/Drivers/USB/Core/USBTask.o

.debug_macro    0x00000000     0x6af5
 *(.debug_macro)
 .debug_macro   0x00000000      0x439 Descriptors.o
 .debug_macro   0x00000439      0xa60 Descriptors.o
 .debug_macro   0x00000e99       0x10 Descriptors.o
 .debug_macro   0x00000ea9      0x1c9 Descriptors.o
 .debug_macro   0x00001072      0x2fc Descriptors.o
 .debug_macro   0x0000136e       0x89 Descriptors.o
 .debug_macro   0x000013f7       0xaa Descriptors.o
 .debug_macro   0x000014a1     0x1601 Descriptors.o
 .debug_macro   0x00002aa2      0x13a Descriptors.o
 .debug_macro   0x00002bdc       0xcb Descriptors.o
 .debug_macro   0x00002ca7       0x34 Descriptors.o
 .debug_macro   0x00002cdb       0x18 Descriptors.o
 .debug_macro   0x00002cf3       0x6c Descriptors.o
 .debug_macro   0x00002d5f       0xee Descriptors.o
 .debug_macro   0x00002e4d       0x12 Descriptors.o
 .debug_macro   0x00002e5f       0x10 Descriptors.o
 .debug_macro   0x00002e6f       0x22 Descriptors.o
 .debug_macro   0x00002e91       0x16 Descriptors.o
 .debug_macro   0x00002ea7       0x20 Descriptors.o
 .debug_macro   0x00002ec7       0xf6 Descriptors.o
 .debug_macro   0x00002fbd       0x22 Descriptors.o
 .debug_macro   0x00002fdf      0x1a7 Descriptors.o
 .debug_macro   0x00003186       0x2f Descriptors.o
 .debug_macro   0x000031b5       0x1c Descriptors.o
 .debug_macro   0x000031d1       0x68 Descriptors.o
 .debug_macro   0x00003239       0x28 Descriptors.o
 .debug_macro   0x00003261       0x69 Descriptors.o
 .debug_macro   0x000032ca       0x33 Descriptors.o
 .debug_macro   0x000032fd      0x10c Descriptors.o
 .debug_macro   0x00003409      0x160 Descriptors.o
 .debug_macro   0x00003569      0x160 Descriptors.o
 .debug_macro   0x000036c9       0x10 Descriptors.o
 .debug_macro   0x000036d9       0x1c Descriptors.o
 .debug_macro   0x000036f5       0x86 Descriptors.o
 .debug_macro   0x0000377b       0x3c Descriptors.o
 .debug_macro   0x000037b7       0x19 Descriptors.o
 .debug_macro   0x000037d0       0x4d Descriptors.o
 .debug_macro   0x0000381d       0x73 Descriptors.o
 .debug_macro   0x00003890       0x16 Descriptors.o
 .debug_macro   0x000038a6       0x12 Descriptors.o
 .debug_macro   0x000038b8       0x1c Descriptors.o
 .debug_macro   0x000038d4       0x64 Descriptors.o
 .debug_macro   0x00003938       0x41 Descriptors.o
 .debug_macro   0x00003979       0x10 Descriptors.o
 .debug_macro   0x00003989       0x1c Descriptors.o
 .debug_macro   0x000039a5       0x16 Descriptors.o
 .debug_macro   0x000039bb       0x16 Descriptors.o
 .debug_macro   0x000039d1      0x12c Descriptors.o
 .debug_macro   0x00003afd       0x16 Descriptors.o
 .debug_macro   0x00003b13       0x46 Descriptors.o
 .debug_macro   0x00003b59       0x58 Descriptors.o
 .debug_macro   0x00003bb1       0x10 Descriptors.o
 .debug_macro   0x00003bc1       0x35 Descriptors.o
 .debug_macro   0x00003bf6       0xf2 Descriptors.o
 .debug_macro   0x00003ce8       0x16 Descriptors.o
 .debug_macro   0x00003cfe      0x154 Descriptors.o
 .debug_macro   0x00003e52       0x2a Descriptors.o
 .debug_macro   0x00003e7c      0x6ce Descriptors.o
 .debug_macro   0x0000454a       0x16 Descriptors.o
 .debug_macro   0x00004560      0x132 Descriptors.o
 .debug_macro   0x00004692       0x16 Descriptors.o
 .debug_macro   0x000046a8       0x10 Descriptors.o
 .debug_macro   0x000046b8       0x6c Descriptors.o
 .debug_macro   0x00004724       0x16 Descriptors.o
 .debug_macro   0x0000473a       0x1c Descriptors.o
 .debug_macro   0x00004756       0x16 Descriptors.o
 .debug_macro   0x0000476c       0x10 Descriptors.o
 .debug_macro   0x0000477c      0x1be Descriptors.o
 .debug_macro   0x0000493a       0x16 Descriptors.o
 .debug_macro   0x00004950       0x10 Descriptors.o
 .debug_macro   0x00004960      0x4a5 Keyboard.o
 .debug_macro   0x00004e05       0x1c Keyboard.o
 .debug_macro   0x00004e21       0x10 Keyboard.o
 .debug_macro   0x00004e31       0x9e Keyboard.o
 .debug_macro   0x00004ecf       0x68 Keyboard.o
 .debug_macro   0x00004f37       0x65 Keyboard.o
 .debug_macro   0x00004f9c       0x97 Keyboard.o
 .debug_macro   0x00005033       0x16 Keyboard.o
 .debug_macro   0x00005049       0x22 Keyboard.o
 .debug_macro   0x0000506b       0x12 Keyboard.o
 .debug_macro   0x0000507d       0xe2 Keyboard.o
 .debug_macro   0x0000515f       0x10 Keyboard.o
 .debug_macro   0x0000516f       0x10 Keyboard.o
 .debug_macro   0x0000517f       0x1c Keyboard.o
 .debug_macro   0x0000519b      0x446 src/LUFA/LUFA/Drivers/USB/Class/Device/HIDClassDevice.o
 .debug_macro   0x000055e1      0x60e src/LUFA/LUFA/Drivers/USB/Core/AVR8/EndpointStream_AVR8.o
 .debug_macro   0x00005bef       0x28 src/LUFA/LUFA/Drivers/USB/Core/AVR8/EndpointStream_AVR8.o
 .debug_macro   0x00005c17       0x1c src/LUFA/LUFA/Drivers/USB/Core/AVR8/EndpointStream_AVR8.o
 .debug_macro   0x00005c33       0x1c src/LUFA/LUFA/Drivers/USB/Core/AVR8/EndpointStream_AVR8.o
 .debug_macro   0x00005c4f      0x2a5 src/LUFA/LUFA/Drivers/USB/Core/AVR8/Endpoint_AVR8.o
 .debug_macro   0x00005ef4       0x10 src/LUFA/LUFA/Drivers/USB/Core/AVR8/Endpoint_AVR8.o
 .debug_macro   0x00005f04      0x277 src/LUFA/LUFA/Drivers/USB/Core/AVR8/USBController_AVR8.o
 .debug_macro   0x0000617b       0x79 src/LUFA/LUFA/Drivers/USB/Core/AVR8/USBController_AVR8.o
 .debug_macro   0x000061f4      0x27f src/LUFA/LUFA/Drivers/USB/Core/AVR8/USBInterrupt_AVR8.o
 .debug_macro   0x00006473      0x27d src/LUFA/LUFA/Drivers/USB/Core/DeviceStandardReq.o
 .debug_macro   0x000066f0      0x182 src/LUFA/LUFA/Drivers/USB/Core/Events.o
 .debug_macro   0x00006872      0x283 src/LUFA/LUFA/Drivers/USB/Core/USBTask.o
OUTPUT(ExemploKB.elf elf32-avr)
LOAD linker stubs
